{
    "Paired-Reads": {
        "content": [
            {
                "0": [
                    [
                        {
                            "id": "test",
                            "single_end": false
                        },
                        "test.log:md5,521cdba0e3b200ddce6c75ae99dc05b2"
                    ]
                ],
                "1": [
                    "versions.yml:md5,7b22f0c1a26dc96b2b2154bb1ac80fc5"
                ],
                "log": [
                    [
                        {
                            "id": "test",
                            "single_end": false
                        },
                        "test.log:md5,521cdba0e3b200ddce6c75ae99dc05b2"
                    ]
                ],
                "versions": [
                    "versions.yml:md5,7b22f0c1a26dc96b2b2154bb1ac80fc5"
                ]
            }
        ],
        "meta": {
            "nf-test": "0.9.0",
            "nextflow": "24.10.3"
        },
        "timestamp": "2025-01-23T21:34:52.773192"
    }
}